[0.011s] Invoking command in '/home/longnb/ydlidar_ros2_ws/build/ydlidar_ros2_driver': CMAKE_PREFIX_PATH=${CMAKE_PREFIX_PATH}:/home/longnb/diff_sim_robot/install/robot_slam_toolbox:/home/longnb/diff_sim_robot/install/robot_simulation:/home/longnb/diff_sim_robot/install/robot_navigation:/home/longnb/diff_sim_robot/install/robot_mapping:/home/longnb/diff_sim_robot/install/robot_joy:/opt/ros/humble /usr/bin/cmake --build /home/longnb/ydlidar_ros2_ws/build/ydlidar_ros2_driver -- -j16 -l16
[0.055s] [35m[1mConsolidate compiler generated dependencies of target ydlidar_ros2_driver_client[0m
[0.055s] [35m[1mConsolidate compiler generated dependencies of target ydlidar_ros2_driver_node[0m
[0.072s] [ 50%] Built target ydlidar_ros2_driver_node
[0.073s] [100%] Built target ydlidar_ros2_driver_client
[0.085s] Invoked command in '/home/longnb/ydlidar_ros2_ws/build/ydlidar_ros2_driver' returned '0': CMAKE_PREFIX_PATH=${CMAKE_PREFIX_PATH}:/home/longnb/diff_sim_robot/install/robot_slam_toolbox:/home/longnb/diff_sim_robot/install/robot_simulation:/home/longnb/diff_sim_robot/install/robot_navigation:/home/longnb/diff_sim_robot/install/robot_mapping:/home/longnb/diff_sim_robot/install/robot_joy:/opt/ros/humble /usr/bin/cmake --build /home/longnb/ydlidar_ros2_ws/build/ydlidar_ros2_driver -- -j16 -l16
[0.095s] Invoking command in '/home/longnb/ydlidar_ros2_ws/build/ydlidar_ros2_driver': CMAKE_PREFIX_PATH=${CMAKE_PREFIX_PATH}:/home/longnb/diff_sim_robot/install/robot_slam_toolbox:/home/longnb/diff_sim_robot/install/robot_simulation:/home/longnb/diff_sim_robot/install/robot_navigation:/home/longnb/diff_sim_robot/install/robot_mapping:/home/longnb/diff_sim_robot/install/robot_joy:/opt/ros/humble /usr/bin/cmake --install /home/longnb/ydlidar_ros2_ws/build/ydlidar_ros2_driver
[0.102s] -- Install configuration: ""
[0.102s] -- Execute custom install script
[0.103s] -- Up-to-date symlink: /home/longnb/ydlidar_ros2_ws/install/ydlidar_ros2_driver/lib/ydlidar_ros2_driver/ydlidar_ros2_driver_node
[0.103s] -- Up-to-date symlink: /home/longnb/ydlidar_ros2_ws/install/ydlidar_ros2_driver/lib/ydlidar_ros2_driver/ydlidar_ros2_driver_client
[0.104s] -- Up-to-date symlink: /home/longnb/ydlidar_ros2_ws/install/ydlidar_ros2_driver/share/ydlidar_ros2_driver/launch/__pycache__/ydlidar_launch_view.cpython-310.pyc
[0.104s] -- Up-to-date symlink: /home/longnb/ydlidar_ros2_ws/install/ydlidar_ros2_driver/share/ydlidar_ros2_driver/launch/ydlidar.py
[0.104s] -- Up-to-date symlink: /home/longnb/ydlidar_ros2_ws/install/ydlidar_ros2_driver/share/ydlidar_ros2_driver/launch/ydlidar_launch.py
[0.104s] -- Up-to-date symlink: /home/longnb/ydlidar_ros2_ws/install/ydlidar_ros2_driver/share/ydlidar_ros2_driver/launch/ydlidar_launch_view.py
[0.104s] -- Up-to-date symlink: /home/longnb/ydlidar_ros2_ws/install/ydlidar_ros2_driver/share/ydlidar_ros2_driver/params/ydlidar.yaml
[0.104s] -- Up-to-date symlink: /home/longnb/ydlidar_ros2_ws/install/ydlidar_ros2_driver/share/ydlidar_ros2_driver/startup/initenv.sh
[0.104s] -- Up-to-date symlink: /home/longnb/ydlidar_ros2_ws/install/ydlidar_ros2_driver/share/ydlidar_ros2_driver/config/ydlidar.rviz
[0.104s] -- Up-to-date symlink: /home/longnb/ydlidar_ros2_ws/install/ydlidar_ros2_driver/share/ament_index/resource_index/package_run_dependencies/ydlidar_ros2_driver
[0.104s] -- Up-to-date symlink: /home/longnb/ydlidar_ros2_ws/install/ydlidar_ros2_driver/share/ament_index/resource_index/parent_prefix_path/ydlidar_ros2_driver
[0.105s] -- Up-to-date symlink: /home/longnb/ydlidar_ros2_ws/install/ydlidar_ros2_driver/share/ydlidar_ros2_driver/environment/ament_prefix_path.sh
[0.105s] -- Up-to-date symlink: /home/longnb/ydlidar_ros2_ws/install/ydlidar_ros2_driver/share/ydlidar_ros2_driver/environment/ament_prefix_path.dsv
[0.105s] -- Up-to-date symlink: /home/longnb/ydlidar_ros2_ws/install/ydlidar_ros2_driver/share/ydlidar_ros2_driver/environment/path.sh
[0.105s] -- Up-to-date symlink: /home/longnb/ydlidar_ros2_ws/install/ydlidar_ros2_driver/share/ydlidar_ros2_driver/environment/path.dsv
[0.105s] -- Up-to-date symlink: /home/longnb/ydlidar_ros2_ws/install/ydlidar_ros2_driver/share/ydlidar_ros2_driver/local_setup.bash
[0.105s] -- Up-to-date symlink: /home/longnb/ydlidar_ros2_ws/install/ydlidar_ros2_driver/share/ydlidar_ros2_driver/local_setup.sh
[0.105s] -- Up-to-date symlink: /home/longnb/ydlidar_ros2_ws/install/ydlidar_ros2_driver/share/ydlidar_ros2_driver/local_setup.zsh
[0.105s] -- Up-to-date symlink: /home/longnb/ydlidar_ros2_ws/install/ydlidar_ros2_driver/share/ydlidar_ros2_driver/local_setup.dsv
[0.105s] -- Symlinking: /home/longnb/ydlidar_ros2_ws/install/ydlidar_ros2_driver/share/ydlidar_ros2_driver/package.dsv
[0.117s] -- Up-to-date symlink: /home/longnb/ydlidar_ros2_ws/install/ydlidar_ros2_driver/share/ament_index/resource_index/packages/ydlidar_ros2_driver
[0.117s] -- Up-to-date symlink: /home/longnb/ydlidar_ros2_ws/install/ydlidar_ros2_driver/share/ydlidar_ros2_driver/cmake/ydlidar_ros2_driverConfig.cmake
[0.117s] -- Up-to-date symlink: /home/longnb/ydlidar_ros2_ws/install/ydlidar_ros2_driver/share/ydlidar_ros2_driver/cmake/ydlidar_ros2_driverConfig-version.cmake
[0.117s] -- Up-to-date symlink: /home/longnb/ydlidar_ros2_ws/install/ydlidar_ros2_driver/share/ydlidar_ros2_driver/package.xml
[0.120s] Invoked command in '/home/longnb/ydlidar_ros2_ws/build/ydlidar_ros2_driver' returned '0': CMAKE_PREFIX_PATH=${CMAKE_PREFIX_PATH}:/home/longnb/diff_sim_robot/install/robot_slam_toolbox:/home/longnb/diff_sim_robot/install/robot_simulation:/home/longnb/diff_sim_robot/install/robot_navigation:/home/longnb/diff_sim_robot/install/robot_mapping:/home/longnb/diff_sim_robot/install/robot_joy:/opt/ros/humble /usr/bin/cmake --install /home/longnb/ydlidar_ros2_ws/build/ydlidar_ros2_driver
